This is pdfTeX, Version 3.141592653-2.6-1.40.27 (TeX Live 2025) (preloaded format=pdflatex 2025.3.8)  4 MAY 2025 15:49
entering extended mode
 restricted \write18 enabled.
 %&-line parsing enabled.
**lstm_paper
(./lstm_paper.tex
LaTeX2e <2024-11-01> patch level 2
L3 programming layer <2025-01-18>
(/usr/local/texlive/2025/texmf-dist/tex/latex/base/article.cls
Document Class: article 2024/06/29 v1.4n Standard LaTeX document class
(/usr/local/texlive/2025/texmf-dist/tex/latex/base/size10.clo
File: size10.clo 2024/06/29 v1.4n Standard LaTeX file (size option)
)
\c@part=\count196
\c@section=\count197
\c@subsection=\count198
\c@subsubsection=\count199
\c@paragraph=\count266
\c@subparagraph=\count267
\c@figure=\count268
\c@table=\count269
\abovecaptionskip=\skip49
\belowcaptionskip=\skip50
\bibindent=\dimen141
)
(/usr/local/texlive/2025/texmf-dist/tex/latex/url/url.sty
\Urlmuskip=\muskip17
Package: url 2013/09/16  ver 3.4  Verb mode for urls, etc.
)
(/usr/local/texlive/2025/texmf-dist/tex/latex/l3backend/l3backend-pdftex.def
File: l3backend-pdftex.def 2024-05-08 L3 backend support: PDF output (pdfTeX)
\l__color_backend_stack_int=\count270
\l__pdf_internal_box=\box52
)
(./lstm_paper.aux)
\openout1 = `lstm_paper.aux'.

LaTeX Font Info:    Checking defaults for OML/cmm/m/it on input line 9.
LaTeX Font Info:    ... okay on input line 9.
LaTeX Font Info:    Checking defaults for OMS/cmsy/m/n on input line 9.
LaTeX Font Info:    ... okay on input line 9.
LaTeX Font Info:    Checking defaults for OT1/cmr/m/n on input line 9.
LaTeX Font Info:    ... okay on input line 9.
LaTeX Font Info:    Checking defaults for T1/cmr/m/n on input line 9.
LaTeX Font Info:    ... okay on input line 9.
LaTeX Font Info:    Checking defaults for TS1/cmr/m/n on input line 9.
LaTeX Font Info:    ... okay on input line 9.
LaTeX Font Info:    Checking defaults for OMX/cmex/m/n on input line 9.
LaTeX Font Info:    ... okay on input line 9.
LaTeX Font Info:    Checking defaults for U/cmr/m/n on input line 9.
LaTeX Font Info:    ... okay on input line 9.
LaTeX Font Info:    External font `cmex10' loaded for size
(Font)              <12> on input line 11.
LaTeX Font Info:    External font `cmex10' loaded for size
(Font)              <8> on input line 11.
LaTeX Font Info:    External font `cmex10' loaded for size
(Font)              <6> on input line 11.

Overfull \hbox (0.38943pt too wide) in paragraph at lines 17--18
\OT1/cmr/m/n/10 re-search by in-tro-duc-ing self-awareness at the sym-bolic kno
wl-edge level|allowing
 []


Overfull \hbox (5.36174pt too wide) in paragraph at lines 24--25
\OT1/cmr/m/n/10 tasks be-fore [[], [], []], none of these prior stud-ies ex-pli
c-itly in-cor-po-rated knowledge-
 []


Overfull \hbox (2.8617pt too wide) in paragraph at lines 24--25
\OT1/cmr/m/n/10 state self-awareness, agent co-op-er-a-tion, or con-tra-dic-tio
n de-tec-tion into an LSTM-
 []



[1

{/usr/local/texlive/2025/texmf-var/fonts/map/pdftex/updmap/pdftex.map}{/usr/loc
al/texlive/2025/texmf-dist/fonts/enc/dvips/cm-super/cm-super-ts1.enc}]
LaTeX Font Info:    External font `cmex10' loaded for size
(Font)              <7> on input line 40.
LaTeX Font Info:    External font `cmex10' loaded for size
(Font)              <5> on input line 40.
LaTeX Font Info:    Trying to load font information for OML+cmr on input line 4
0.

(/usr/local/texlive/2025/texmf-dist/tex/latex/base/omlcmr.fd
File: omlcmr.fd 2024/11/19 v2.5n Standard LaTeX font definitions
)
LaTeX Font Info:    Font shape `OML/cmr/m/n' in size <10> not available
(Font)              Font shape `OML/cmm/m/it' tried instead on input line 40.

Overfull \hbox (26.8318pt too wide) in paragraph at lines 59--60
\OT1/cmr/m/n/10 sequence-to-sequence tu-to-rial found at $\OT1/cmtt/m/n/10 http
s : / / keras . io / examples / lstm _ seq2seq/$
 []


Overfull \hbox (6.3895pt too wide) in paragraph at lines 59--60
\OT1/cmr/m/n/10 al-though, in-stead of trans-lat-ing from En-glish to French, w
e are us-ing the sequence-
 []



[2]

[3]

[4]
Overfull \hbox (5.6096pt too wide) in paragraph at lines 155--156
\OT1/cmtt/m/n/10 blob / master / logic _ data _ extended _ 00 . tsv$ \OT1/cmr/m
/n/10 which we have made pub-licly avail-
 []



[5]

[6]
Overfull \hbox (63.24669pt too wide) in paragraph at lines 194--194
 []\OT1/cmtt/m/n/10 docker run -it --name my_project_container ryan20083437/my_
project:latest 
 []


Overfull \hbox (22.6096pt too wide) in paragraph at lines 200--201
[]\OT1/cmr/m/n/10 The Keras [[]] doc-u-men-ta-tion at $\OT1/cmtt/m/n/10 https :
 / / keras . io / examples / lstm _ seq2seq/$
 []


Overfull \hbox (1.61168pt too wide) in paragraph at lines 219--220
[]\OT1/cmr/m/n/10 This study rep-re-sents an in-cre-men-tal step rather than a 
rad-i-cal break-through.
 []



[7] (./lstm_paper.bbl

[8])

[9] (./lstm_paper.aux)
 ***********
LaTeX2e <2024-11-01> patch level 2
L3 programming layer <2025-01-18>
 ***********
 ) 
Here is how much of TeX's memory you used:
 615 strings out of 473190
 11065 string characters out of 5715801
 407137 words of memory out of 5000000
 23924 multiletter control sequences out of 15000+600000
 563941 words of font info for 53 fonts, out of 8000000 for 9000
 1141 hyphenation exceptions out of 8191
 35i,6n,50p,806b,350s stack positions out of 10000i,1000n,20000p,200000b,200000s
</usr/local/texlive/2025/texmf-dist/fonts/type1/public/amsfonts/cm/cmbx10.pfb
></usr/local/texlive/2025/texmf-dist/fonts/type1/public/amsfonts/cm/cmbx12.pfb>
</usr/local/texlive/2025/texmf-dist/fonts/type1/public/amsfonts/cm/cmmi10.pfb><
/usr/local/texlive/2025/texmf-dist/fonts/type1/public/amsfonts/cm/cmr10.pfb></u
sr/local/texlive/2025/texmf-dist/fonts/type1/public/amsfonts/cm/cmr12.pfb></usr
/local/texlive/2025/texmf-dist/fonts/type1/public/amsfonts/cm/cmr17.pfb></usr/l
ocal/texlive/2025/texmf-dist/fonts/type1/public/amsfonts/cm/cmsy10.pfb></usr/lo
cal/texlive/2025/texmf-dist/fonts/type1/public/amsfonts/cm/cmti10.pfb></usr/loc
al/texlive/2025/texmf-dist/fonts/type1/public/amsfonts/cm/cmtt10.pfb></usr/loca
l/texlive/2025/texmf-dist/fonts/type1/public/cm-super/sfrm1000.pfb>
Output written on lstm_paper.pdf (9 pages, 151260 bytes).
PDF statistics:
 85 PDF objects out of 1000 (max. 8388607)
 53 compressed objects within 1 object stream
 0 named destinations out of 1000 (max. 500000)
 1 words of extra memory for PDF output out of 10000 (max. 10000000)

